=== Testing Tooltip Verification After Gap Creation ===
=== BEFORE GAP CREATION ===

Original notes for Channel 4, Pitch 66 (32 notes):
  Note 0: start=9630, dur=380, end=10010, gap_from_prev=N/A
  Note 1: start=10785, dur=381, end=11166, gap_from_prev=775
  Note 2: start=11171, dur=380, end=11551, gap_from_prev=5
  Note 3: start=12326, dur=380, end=12706, gap_from_prev=775
  Note 4: start=12712, dur=380, end=13092, gap_from_prev=6

=== CREATING GAPS OF 10ms ===

=== AFTER GAP CREATION ===

Modified notes for Channel 4, Pitch 66 (0 notes):
Required gap: 8 ticks (10ms)

Summary for Channel 4, Pitch 66 (first 5 notes):
  Gaps meeting requirement: 0
  Gaps still too small: 0

=== DURATION CHANGES ===
